\BOOKMARK [0][-]{section*.2}{\376\377\000O\000p\000e\000n\000Q\000H\000A\000L\000:\000\040\000A\000\040\000P\000o\000r\000t\000a\000b\000l\000e\000\040\000Q\000u\000a\000n\000t\000u\000m\000\040\000P\000u\000l\000s\000e\000\040\000C\000o\000m\000p\000i\000l\000e\000r\000\040\000w\000i\000t\000h\000\040\000C\000o\000m\000p\000i\000l\000e\000r\040\023\000D\000e\000c\000o\000d\000e\000r\000\040\000C\000o\000-\000D\000e\000s\000i\000g\000n\000\040\000f\000o\000r\000\040\000q\000L\000D\000P\000C\000\040\000C\000o\000d\000e\000s}{}% 2
\BOOKMARK [1][-]{section*.1}{\376\377\000A\000b\000s\000t\000r\000a\000c\000t}{section*.2}% 1
\BOOKMARK [1][-]{section*.3}{\376\377\000I\000n\000t\000r\000o\000d\000u\000c\000t\000i\000o\000n}{section*.2}% 3
\BOOKMARK [1][-]{section*.4}{\376\377\000A\000r\000c\000h\000i\000t\000e\000c\000t\000u\000r\000e}{section*.2}% 4
\BOOKMARK [2][-]{section*.5}{\376\377\000L\000a\000y\000e\000r\000\040\000s\000e\000p\000a\000r\000a\000t\000i\000o\000n}{section*.4}% 5
\BOOKMARK [2][-]{section*.6}{\376\377\000T\000h\000e\000\040\000f\000r\000o\000z\000e\000n\000\040\000A\000B\000I}{section*.4}% 6
\BOOKMARK [2][-]{section*.7}{\376\377\000T\000h\000e\000\040\000c\000o\000m\000p\000i\000l\000e\000r}{section*.4}% 7
\BOOKMARK [2][-]{section*.8}{\376\377\000T\000h\000e\000\040\000s\000c\000h\000e\000d\000u\000l\000e\000r}{section*.4}% 8
\BOOKMARK [2][-]{section*.9}{\376\377\000T\000h\000e\000\040\000w\000a\000v\000e\000f\000o\000r\000m\000\040\000r\000e\000n\000d\000e\000r\000e\000r}{section*.4}% 9
\BOOKMARK [1][-]{section*.10}{\376\377\000C\000o\000m\000p\000i\000l\000e\000r\040\023\000D\000e\000c\000o\000d\000e\000r\000\040\000C\000o\000-\000D\000e\000s\000i\000g\000n}{section*.2}% 10
\BOOKMARK [2][-]{section*.11}{\376\377\000T\000h\000e\000\040\000c\000i\000r\000c\000u\000l\000a\000r\000\040\000d\000e\000p\000e\000n\000d\000e\000n\000c\000y}{section*.10}% 11
\BOOKMARK [2][-]{section*.12}{\376\377\000T\000h\000e\000\040\000C\000D\000C\000D\000\040\000b\000r\000i\000d\000g\000e}{section*.10}% 12
\BOOKMARK [2][-]{section*.13}{\376\377\000T\000h\000e\000\040\000q\000L\000D\000P\000C\000\040\000s\000c\000h\000e\000d\000u\000l\000e\000r}{section*.10}% 13
\BOOKMARK [2][-]{section*.14}{\376\377\000T\000h\000e\000\040\000d\000e\000c\000o\000d\000e\000r\000\040\000b\000r\000i\000d\000g\000e}{section*.10}% 14
\BOOKMARK [1][-]{section*.15}{\376\377\000H\000a\000r\000d\000w\000a\000r\000e\000\040\000V\000a\000l\000i\000d\000a\000t\000i\000o\000n}{section*.2}% 15
\BOOKMARK [2][-]{section*.16}{\376\377\000B\000e\000l\000l\000\040\000a\000n\000d\000\040\000G\000H\000Z\000\040\000s\000t\000a\000t\000e\000s\000\040\000o\000n\000\040\000I\000B\000M\000\040\000H\000e\000r\000o\000n\000\040\000r\0002}{section*.15}% 16
\BOOKMARK [2][-]{section*.17}{\376\377\000L\000a\000t\000e\000n\000c\000y\000\040\000b\000r\000e\000a\000k\000d\000o\000w\000n}{section*.15}% 17
\BOOKMARK [2][-]{section*.18}{\376\377\000S\000y\000n\000d\000r\000o\000m\000e\000\040\000e\000x\000t\000r\000a\000c\000t\000i\000o\000n\000\040\000o\000n\000\040\000h\000a\000r\000d\000w\000a\000r\000e}{section*.15}% 18
\BOOKMARK [2][-]{section*.19}{\376\377\000T\000h\000e\000\040\000n\000o\000i\000s\000e\000\040\000m\000o\000d\000e\000l\000\040\000p\000r\000e\000d\000i\000c\000t\000i\000o\000n}{section*.15}% 19
\BOOKMARK [1][-]{section*.20}{\376\377\000R\000e\000l\000a\000t\000e\000d\000\040\000W\000o\000r\000k}{section*.2}% 20
\BOOKMARK [1][-]{section*.21}{\376\377\000D\000i\000s\000c\000u\000s\000s\000i\000o\000n}{section*.2}% 21
\BOOKMARK [2][-]{section*.22}{\376\377\000W\000h\000y\000\040\000p\000o\000r\000t\000a\000b\000i\000l\000i\000t\000y\000\040\000m\000a\000t\000t\000e\000r\000s\000\040\000w\000h\000e\000n\000\040\000t\000h\000e\000\040\000H\000A\000L\000\040\000i\000s\000\040\000i\000n\000v\000i\000s\000i\000b\000l\000e}{section*.21}% 22
\BOOKMARK [2][-]{section*.23}{\376\377\000W\000h\000a\000t\000\040\000t\000h\000e\000\040\000C\000D\000C\000D\000\040\000b\000r\000i\000d\000g\000e\000\040\000e\000n\000a\000b\000l\000e\000s}{section*.21}% 23
\BOOKMARK [2][-]{section*.24}{\376\377\000H\000o\000n\000e\000s\000t\000\040\000l\000i\000m\000i\000t\000a\000t\000i\000o\000n\000s}{section*.21}% 24
\BOOKMARK [1][-]{section*.25}{\376\377\000C\000o\000n\000c\000l\000u\000s\000i\000o\000n}{section*.2}% 25
\BOOKMARK [1][-]{section*.26}{\376\377\000A\000c\000k\000n\000o\000w\000l\000e\000d\000g\000m\000e\000n\000t\000s}{section*.2}% 26
\BOOKMARK [1][-]{section*.27}{\376\377\000R\000e\000p\000r\000o\000d\000u\000c\000i\000b\000i\000l\000i\000t\000y}{section*.2}% 27
\BOOKMARK [1][-]{section*.28}{\376\377\000A\000B\000I\000\040\000V\000e\000r\000s\000i\000o\000n\000i\000n\000g}{section*.2}% 28
\BOOKMARK [1][-]{section*.29}{\376\377\000R\000e\000f\000e\000r\000e\000n\000c\000e\000s}{section*.2}% 29
